// Jest Snapshot v1, https://goo.gl/fbAQLP

exports[`App component renders App 1`] = `
<Fragment>
  <MemeInput
    foot=""
    handleChange={[Function]}
    head=""
    imageSrc=""
  />
  <ShowcaseMeme
    foot=""
    head=""
    imageSrc=""
  />
</Fragment>
`;
